[ 2026-03-29 12:53:35,153 ] 20 root - INFO - Initiate the data ingestion
[ 2026-03-29 12:53:40,459 ] 65 root - INFO - Performed train test split on the dataframe
[ 2026-03-29 12:53:40,459 ] 67 root - INFO - Exited split_data_as_train_test method of Data_Ingestion class
[ 2026-03-29 12:53:40,460 ] 75 root - INFO - Exporting train and test file path.
[ 2026-03-29 12:53:40,556 ] 84 root - INFO - Exported train and test file path.
[ 2026-03-29 12:53:40,556 ] 22 root - INFO - Data Initiation Completed
[ 2026-03-29 12:53:40,564 ] 26 root - INFO - Initiate the data Validation
[ 2026-03-29 12:53:40,655 ] 32 root - INFO - Required number of columns:2
[ 2026-03-29 12:53:40,667 ] 33 root - INFO - Data frame has columns:31
[ 2026-03-29 12:53:40,667 ] 32 root - INFO - Required number of columns:2
[ 2026-03-29 12:53:40,667 ] 33 root - INFO - Data frame has columns:31
[ 2026-03-29 12:53:40,996 ] 28 root - INFO - data Validation Completed
[ 2026-03-29 12:53:40,996 ] 31 root - INFO - data Transformation started
[ 2026-03-29 12:53:40,996 ] 63 root - INFO - Entered initiate_data_transformation method of DataTransformation class
[ 2026-03-29 12:53:40,996 ] 65 root - INFO - Starting data transformation
[ 2026-03-29 12:53:41,042 ] 48 root - INFO - Entered get_data_trnasformer_object method of Trnasformation class
[ 2026-03-29 12:53:41,042 ] 53 root - INFO - Initialise KNNImputer with {'missing_values': nan, 'n_neighbors': 3, 'weights': 'uniform'}
[ 2026-03-29 12:53:41,128 ] 46 root - INFO - Entered the save_object method of MainUtils class
[ 2026-03-29 12:53:41,132 ] 50 root - INFO - Exited the save_object method of MainUtils class
[ 2026-03-29 12:53:41,132 ] 46 root - INFO - Entered the save_object method of MainUtils class
[ 2026-03-29 12:53:41,136 ] 50 root - INFO - Exited the save_object method of MainUtils class
[ 2026-03-29 12:53:41,137 ] 35 root - INFO - data Transformation completed
[ 2026-03-29 12:53:41,137 ] 37 root - INFO - Model Training sstared
[ 2026-03-29 13:00:42,321 ] 72 root - WARNING - MLflow tracking failed. Continuing without experiment logging. Error: 403: You have reached the limit of 100 experiments for a private repository in the free plan.
Please upgrade to the Team plan to increase the limit at https://dagshub.com/pricing?repo_id=52439
[ 2026-03-29 13:00:42,693 ] 72 root - WARNING - MLflow tracking failed. Continuing without experiment logging. Error: 403: You have reached the limit of 100 experiments for a private repository in the free plan.
Please upgrade to the Team plan to increase the limit at https://dagshub.com/pricing?repo_id=52439
[ 2026-03-29 13:00:42,718 ] 46 root - INFO - Entered the save_object method of MainUtils class
[ 2026-03-29 13:00:42,720 ] 50 root - INFO - Exited the save_object method of MainUtils class
[ 2026-03-29 13:00:42,720 ] 46 root - INFO - Entered the save_object method of MainUtils class
[ 2026-03-29 13:00:42,737 ] 50 root - INFO - Exited the save_object method of MainUtils class
[ 2026-03-29 13:00:42,737 ] 152 root - INFO - Model trainer artifact: ModelTrainerArtifact(trained_model_file_path='Artifacts\\03_29_2026_12_53_27\\model_trainer\\trained_model\\model.pkl', train_metric_artifact=ClassificationMetricArtifact(f1_score=0.9909763763560783, precision_score=0.9898723921409763, recall_score=0.9920828258221681), test_metric_artifact=ClassificationMetricArtifact(f1_score=0.9741100323624595, precision_score=0.9701853344077357, recall_score=0.9780666125101544))
[ 2026-03-29 13:00:42,739 ] 42 root - INFO - Model Training artifact created
